node.exe : [33m[7m[33m Vitest [33m[27m 
"deps.inline" is deprecated. If you rely on vite-node 
directly, use "server.deps.inline" instead. Otherwise, 
consider using "deps.optimizer.web.include"[39m
En C:\Program Files\nodejs\npx.ps1: 29 Carácter: 3
+   & $NODE_EXE $NPX_CLI_JS $args
+   ~~~~~~~~~~~~~~~~~~~~~~~~~~~~~
    + CategoryInfo          : NotSpecified: ([33m[7m[ 
   33m ...b.include"[39m:String) [], RemoteException
    + FullyQualifiedErrorId : NativeCommandError
 

[1m[46m RUN [49m[22m [36mv3.2.3 [39m[90mC:/Users/Admin/Desktop/Music_Academy_App_Act[39m

 [31m├ù[39m src/modulos/Montaje/tests/montajeStore.test.ts[2m > [22mMontaje Store[2m > [22mEstado inicial[2m > [22mdebe tener el estado inicial correcto[32m 10[2mms[22m[39m
[31m   ÔåÆ Cannot read properties of undefined (reading '$state')[39m
 [31m├ù[39m src/modulos/Montaje/tests/montajeStore.test.ts[2m > [22mMontaje Store[2m > [22mGetters[2m > [22mdebe filtrar obras activas por repertorio[32m 1[2mms[22m[39m
[31m   ÔåÆ Cannot read properties of undefined (reading '$state')[39m
 [31m├ù[39m src/modulos/Montaje/tests/montajeStore.test.ts[2m > [22mMontaje Store[2m > [22mGetters[2m > [22mdebe calcular frases actuales correctamente[32m 1[2mms[22m[39m
[31m   ÔåÆ Cannot read properties of undefined (reading '$state')[39m
 [31m├ù[39m src/modulos/Montaje/tests/montajeStore.test.ts[2m > [22mMontaje Store[2m > [22mGetters[2m > [22mdebe calcular frases completadas correctamente[32m 1[2mms[22m[39m
[31m   ÔåÆ Cannot read properties of undefined (reading '$state')[39m
 [31m├ù[39m src/modulos/Montaje/tests/montajeStore.test.ts[2m > [22mMontaje Store[2m > [22mAcciones[2m > [22mdebe manejar loading state durante operaciones async[32m 1[2mms[22m[39m
[31m   ÔåÆ Cannot read properties of undefined (reading '$state')[39m
 [31m├ù[39m src/modulos/Montaje/tests/montajeStore.test.ts[2m > [22mMontaje Store[2m > [22mAcciones[2m > [22mdebe manejar errores correctamente[32m 1[2mms[22m[39m
[31m   ÔåÆ Cannot read properties of undefined (reading '$state')[39m
 [31m├ù[39m src/modulos/Montaje/tests/montajeStore.test.ts[2m > [22mMontaje Store[2m > [22mAcciones[2m > [22mdebe crear plan de acci├│n con datos completos[32m 1[2mms[22m[39m
[31m   ÔåÆ Cannot read properties of undefined (reading 'crearPlanAccion')[39m
 [31m├ù[39m src/modulos/Montaje/tests/montajeStore.test.ts[2m > [22mMontaje Store[2m > [22mAcciones[2m > [22mdebe cambiar estado de comp├ís correctamente[32m 1[2mms[22m[39m
[31m   ÔåÆ Cannot read properties of undefined (reading '$state')[39m
 [32mÔ£ô[39m src/modulos/Montaje/tests/montajeStore.test.ts[2m > [22mMontaje Store[2m > [22mValidaciones[2m > [22mdebe validar datos requeridos antes de crear obra[32m 1[2mms[22m[39m

[31mÔÄ»ÔÄ»ÔÄ»ÔÄ»ÔÄ»ÔÄ»ÔÄ»[39m[1m[41m Failed Tests 8 
[49m[22m[31mÔÄ»ÔÄ»ÔÄ»ÔÄ»ÔÄ»ÔÄ»ÔÄ»[39m

[41m[1m FAIL [22m[49m 
src/modulos/Montaje/tests/montajeStore.test.ts[2m > 
[22mMontaje Store[2m > [22mEstado inicial[2m > 
[22mdebe tener el estado inicial correcto
[31m[1mTypeError[22m: Cannot read properties of 
undefined (reading '$state')[39m
[36m [2mÔØ»[22m src/modulos/Montaje/tests/montajeStore
.test.ts:[2m55:20[22m[39m
    [90m 53| [39m  [34mdescribe[39m([32m'Estado 
inicial'[39m[33m,[39m () [33m=>[39m {
    [90m 54| [39m    [34mit[39m([32m'debe tener el 
estado inicial correcto'[39m[33m,[39m () [33m=>[39m 
{
    [90m 55| [39m      [34mexpect[39m(store[33m.[39
m$state[33m.[39mobras)[33m.[39m[34mtoEqual[39m([])
[33m;[39m
    [90m   | [39m                   [31m^[39m
    [90m 56| [39m      [34mexpect[39m(store[33m.[39
m$state[33m.[39mobraActual)[33m.[39m[34mtoBeNull[39
m()[33m;[39m
    [90m 57| [39m      [34mexpect[39m(store[33m.[39
m$state[33m.[39mplanAccion)[33m.[39m[34mtoBeNull[39
m()[33m;[39m

[31m[2mÔÄ»ÔÄ»ÔÄ»ÔÄ»ÔÄ»ÔÄ»ÔÄ»ÔÄ»ÔÄ»ÔÄ»ÔÄ»ÔÄ»ÔÄ»ÔÄ»ÔÄ»ÔÄ»
ÔÄ»ÔÄ»ÔÄ»ÔÄ»ÔÄ»ÔÄ»ÔÄ»ÔÄ»[1/8]ÔÄ»[22m[39m

[41m[1m FAIL [22m[49m 
src/modulos/Montaje/tests/montajeStore.test.ts[2m > 
[22mMontaje Store[2m > [22mGetters[2m > [22mdebe 
filtrar obras activas por repertorio
[31m[1mTypeError[22m: Cannot read properties of 
undefined (reading '$state')[39m
[36m [2mÔØ»[22m src/modulos/Montaje/tests/montajeStore
.test.ts:[2m68:13[22m[39m
    [90m 66| [39m    [34mit[39m([32m'debe filtrar 
obras activas por repertorio'[39m[33m,[39m () 
[33m=>[39m {
    [90m 67| [39m      [90m// Agregar obras de prueba 
directamente al estado[39m
    [90m 68| [39m      
store[33m.[39m$state[33m.[39mobras [33m=[39m [
    [90m   | [39m            [31m^[39m
    [90m 69| [39m        {
    [90m 70| [39m          id[33m:[39m 
[32m'1'[39m[33m,[39m

[31m[2mÔÄ»ÔÄ»ÔÄ»ÔÄ»ÔÄ»ÔÄ»ÔÄ»ÔÄ»ÔÄ»ÔÄ»ÔÄ»ÔÄ»ÔÄ»ÔÄ»ÔÄ»ÔÄ»
ÔÄ»ÔÄ»ÔÄ»ÔÄ»ÔÄ»ÔÄ»ÔÄ»ÔÄ»[2/8]ÔÄ»[22m[39m

[41m[1m FAIL [22m[49m 
src/modulos/Montaje/tests/montajeStore.test.ts[2m > 
[22mMontaje Store[2m > [22mGetters[2m > [22mdebe 
calcular frases actuales correctamente
[31m[1mTypeError[22m: Cannot read properties of 
undefined (reading '$state')[39m
[36m [2mÔØ»[22m src/modulos/Montaje/tests/montajeStore
.test.ts:[2m95:13[22m[39m
    [90m 93| [39m
    [90m 94| [39m    [34mit[39m([32m'debe calcular 
frases actuales correctamente'[39m[33m,[39m () 
[33m=>[39m {
    [90m 95| [39m      
store[33m.[39m$state[33m.[39mplanAccion [33m=[39m 
{ id[33m:[39m [32m'plan-1'[39m } [35mas[39m 
[33mPlanAccion[39m[33m;[39m
    [90m   | [39m            [31m^[39m
    [90m 96| [39m      
store[33m.[39m$state[33m.[39mfrases [33m=[39m [
    [90m 97| [39m        { id[33m:[39m 
[32m'1'[39m[33m,[39m planAccionId[33m:[39m 
[32m'plan-1'[39m } [35mas[39m 
[33mFraseMontaje[39m[33m,[39m

[31m[2mÔÄ»ÔÄ»ÔÄ»ÔÄ»ÔÄ»ÔÄ»ÔÄ»ÔÄ»ÔÄ»ÔÄ»ÔÄ»ÔÄ»ÔÄ»ÔÄ»ÔÄ»ÔÄ»
ÔÄ»ÔÄ»ÔÄ»ÔÄ»ÔÄ»ÔÄ»ÔÄ»ÔÄ»[3/8]ÔÄ»[22m[39m

[41m[1m FAIL [22m[49m 
src/modulos/Montaje/tests/montajeStore.test.ts[2m > 
[22mMontaje Store[2m > [22mGetters[2m > [22mdebe 
calcular frases completadas correctamente
[31m[1mTypeError[22m: Cannot read properties of 
undefined (reading '$state')[39m
[36m [2mÔØ»[22m src/modulos/Montaje/tests/montajeStore
.test.ts:[2m107:13[22m[39m
    [90m105| [39m
    [90m106| [39m    [34mit[39m([32m'debe calcular 
frases completadas correctamente'[39m[33m,[39m () 
[33m=>[39m {
    [90m107| [39m      
store[33m.[39m$state[33m.[39mplanAccion [33m=[39m 
{ id[33m:[39m [32m'plan-1'[39m } [35mas[39m 
[33mPlanAccion[39m[33m;[39m
    [90m   | [39m            [31m^[39m
    [90m108| [39m      
store[33m.[39m$state[33m.[39mfrases [33m=[39m [
    [90m109| [39m        { 

[31m[2mÔÄ»ÔÄ»ÔÄ»ÔÄ»ÔÄ»ÔÄ»ÔÄ»ÔÄ»ÔÄ»ÔÄ»ÔÄ»ÔÄ»ÔÄ»ÔÄ»ÔÄ»ÔÄ»
ÔÄ»ÔÄ»ÔÄ»ÔÄ»ÔÄ»ÔÄ»ÔÄ»ÔÄ»[4/8]ÔÄ»[22m[39m

[41m[1m FAIL [22m[49m 
src/modulos/Montaje/tests/montajeStore.test.ts[2m > 
[22mMontaje Store[2m > [22mAcciones[2m > [22mdebe 
manejar loading state durante operaciones async
[31m[1mTypeError[22m: Cannot read properties of 
undefined (reading '$state')[39m
[36m [2mÔØ»[22m src/modulos/Montaje/tests/montajeStore
.test.ts:[2m133:20[22m[39m
    [90m131| [39m  
[34mdescribe[39m([32m'Acciones'[39m[33m,[39m () 
[33m=>[39m {
    [90m132| [39m    it('debe manejar loading state 
durante operaciones async', async (ÔÇª
    [90m133| [39m      [34mexpect[39m(store[33m.[39
m$state[33m.[39misLoading)[33m.[39m[34mtoBe[39m([3
5mfalse[39m)[33m;[39m
    [90m   | [39m                   [31m^[39m
    [90m134| [39m      
    [90m135| [39m      [90m// Simular operaci├│n 
async con par├ímetro requerido[39m

[31m[2mÔÄ»ÔÄ»ÔÄ»ÔÄ»ÔÄ»ÔÄ»ÔÄ»ÔÄ»ÔÄ»ÔÄ»ÔÄ»ÔÄ»ÔÄ»ÔÄ»ÔÄ»ÔÄ»
ÔÄ»ÔÄ»ÔÄ»ÔÄ»ÔÄ»ÔÄ»ÔÄ»ÔÄ»[5/8]ÔÄ»[22m[39m

[41m[1m FAIL [22m[49m 
src/modulos/Montaje/tests/montajeStore.test.ts[2m > 
[22mMontaje Store[2m > [22mAcciones[2m > [22mdebe 
manejar errores correctamente
[31m[1mTypeError[22m: Cannot read properties of 
undefined (reading '$state')[39m
[36m [2mÔØ»[22m src/modulos/Montaje/tests/montajeStore
.test.ts:[2m147:20[22m[39m
    [90m145| [39m      (montajeService.obtenerObras as 
Mock).mockRejectedValueOnce(new ÔÇª
    [90m146| [39m      
    [90m147| [39m      [34mexpect[39m(store[33m.[39
m$state[33m.[39merror)[33m.[39m[34mtoBeNull[39m()[
33m;[39m
    [90m   | [39m                   [31m^[39m
    [90m148| [39m      
    [90m149| [39m      [35mtry[39m {

[31m[2mÔÄ»ÔÄ»ÔÄ»ÔÄ»ÔÄ»ÔÄ»ÔÄ»ÔÄ»ÔÄ»ÔÄ»ÔÄ»ÔÄ»ÔÄ»ÔÄ»ÔÄ»ÔÄ»
ÔÄ»ÔÄ»ÔÄ»ÔÄ»ÔÄ»ÔÄ»ÔÄ»ÔÄ»[6/8]ÔÄ»[22m[39m

[41m[1m FAIL [22m[49m 
src/modulos/Montaje/tests/montajeStore.test.ts[2m > 
[22mMontaje Store[2m > [22mAcciones[2m > [22mdebe 
crear plan de acci├│n con datos completos
[31m[1mTypeError[22m: Cannot read properties of 
undefined (reading 'crearPlanAccion')[39m
[36m [2mÔØ»[22m src/modulos/Montaje/tests/montajeStore
.test.ts:[2m171:34[22m[39m
    [90m169| [39m      }[33m;[39m
    [90m170| [39m
    [90m171| [39m      [35mconst[39m planId 
[33m=[39m [35mawait[39m store[33m.[39m[34mcrearPla
nAccion[39m(planData)[33m;[39m
    [90m   | [39m                                 
[31m^[39m
    [90m172| [39m      
    [90m173| [39m      [34mexpect[39m(planId)[33m.[
39m[34mtoBeDefined[39m()[33m;[39m

[31m[2mÔÄ»ÔÄ»ÔÄ»ÔÄ»ÔÄ»ÔÄ»ÔÄ»ÔÄ»ÔÄ»ÔÄ»ÔÄ»ÔÄ»ÔÄ»ÔÄ»ÔÄ»ÔÄ»
ÔÄ»ÔÄ»ÔÄ»ÔÄ»ÔÄ»ÔÄ»ÔÄ»ÔÄ»[7/8]ÔÄ»[22m[39m

[41m[1m FAIL [22m[49m 
src/modulos/Montaje/tests/montajeStore.test.ts[2m > 
[22mMontaje Store[2m > [22mAcciones[2m > [22mdebe 
cambiar estado de comp├ís correctamente
[31m[1mTypeError[22m: Cannot read properties of 
undefined (reading '$state')[39m
[36m [2mÔØ»[22m src/modulos/Montaje/tests/montajeStore
.test.ts:[2m179:13[22m[39m
    [90m177| [39m
    [90m178| [39m    [34mit[39m([32m'debe cambiar 
estado de comp├ís correctamente'[39m[33m,[39m 
[35masync[39m () [33m=>[39m {
    [90m179| [39m      
store[33m.[39m$state[33m.[39mobraActual [33m=[39m 
{ id[33m:[39m [32m'obra-1'[39m } [35mas[39m 
[33mObra[39m[33m;[39m
    [90m   | [39m            [31m^[39m
    [90m180| [39m      
    [90m181| [39m      [35mawait[39m 
store[33m.[39m[34mcambiarEstadoCompass[39m(

[31m[2mÔÄ»ÔÄ»ÔÄ»ÔÄ»ÔÄ»ÔÄ»ÔÄ»ÔÄ»ÔÄ»ÔÄ»ÔÄ»ÔÄ»ÔÄ»ÔÄ»ÔÄ»ÔÄ»
ÔÄ»ÔÄ»ÔÄ»ÔÄ»ÔÄ»ÔÄ»ÔÄ»ÔÄ»[8/8]ÔÄ»[22m[39m


[2m Test Files [22m [1m[31m1 failed[39m[22m[90m (1)[39m
[2m      Tests [22m [1m[31m8 failed[39m[22m[2m | [22m[1m[32m1 passed[39m[22m[90m (9)[39m
[2m   Start at [22m 22:41:50
[2m   Duration [22m 2.18s[2m (transform 197ms, setup 263ms, collect 203ms, tests 22ms, environment 546ms, prepare 654ms)[22m

